2025-10-12T08:41:41.5207199Z Current runner version: '2.328.0'
2025-10-12T08:41:41.5231274Z ##[group]Runner Image Provisioner
2025-10-12T08:41:41.5232407Z Hosted Compute Agent
2025-10-12T08:41:41.5233143Z Version: 20250912.392
2025-10-12T08:41:41.5233763Z Commit: d921fda672a98b64f4f82364647e2f10b2267d0b
2025-10-12T08:41:41.5234543Z Build Date: 2025-09-12T15:23:14Z
2025-10-12T08:41:41.5235308Z ##[endgroup]
2025-10-12T08:41:41.5236058Z ##[group]Operating System
2025-10-12T08:41:41.5236738Z Ubuntu
2025-10-12T08:41:41.5237264Z 24.04.3
2025-10-12T08:41:41.5237707Z LTS
2025-10-12T08:41:41.5238246Z ##[endgroup]
2025-10-12T08:41:41.5238734Z ##[group]Runner Image
2025-10-12T08:41:41.5239329Z Image: ubuntu-24.04
2025-10-12T08:41:41.5239801Z Version: 20250929.60.1
2025-10-12T08:41:41.5240901Z Included Software: https://github.com/actions/runner-images/blob/ubuntu24/20250929.60/images/ubuntu/Ubuntu2404-Readme.md
2025-10-12T08:41:41.5242419Z Image Release: https://github.com/actions/runner-images/releases/tag/ubuntu24%2F20250929.60
2025-10-12T08:41:41.5243460Z ##[endgroup]
2025-10-12T08:41:41.5244790Z ##[group]GITHUB_TOKEN Permissions
2025-10-12T08:41:41.5247269Z Contents: write
2025-10-12T08:41:41.5247804Z Issues: write
2025-10-12T08:41:41.5248299Z Metadata: read
2025-10-12T08:41:41.5248901Z Packages: write
2025-10-12T08:41:41.5249434Z PullRequests: write
2025-10-12T08:41:41.5249914Z ##[endgroup]
2025-10-12T08:41:41.5252132Z Secret source: Actions
2025-10-12T08:41:41.5253042Z Prepare workflow directory
2025-10-12T08:41:41.5573453Z Prepare all required actions
2025-10-12T08:41:41.5613202Z Getting action download info
2025-10-12T08:41:41.9072768Z Download action repository 'actions/checkout@v4' (SHA:08eba0b27e820071cde6df949e0beb9ba4906955)
2025-10-12T08:41:42.1014419Z Download action repository 'actions/setup-java@v5' (SHA:dded0888837ed1f317902acf8a20df0ad188d165)
2025-10-12T08:41:42.6936381Z Download action repository 'gradle/actions@v4' (SHA:748248ddd2a24f49513d8f472f81c3a07d4d50e1)
2025-10-12T08:41:43.8058277Z Complete job name: Build and Test
2025-10-12T08:41:43.8723299Z ##[group]Run actions/checkout@v4
2025-10-12T08:41:43.8723990Z with:
2025-10-12T08:41:43.8724282Z   repository: carcheky/janitorr
2025-10-12T08:41:43.8724763Z   token: ***
2025-10-12T08:41:43.8725023Z   ssh-strict: true
2025-10-12T08:41:43.8725453Z   ssh-user: git
2025-10-12T08:41:43.8725730Z   persist-credentials: true
2025-10-12T08:41:43.8726027Z   clean: true
2025-10-12T08:41:43.8726308Z   sparse-checkout-cone-mode: true
2025-10-12T08:41:43.8726624Z   fetch-depth: 1
2025-10-12T08:41:43.8726875Z   fetch-tags: false
2025-10-12T08:41:43.8727160Z   show-progress: true
2025-10-12T08:41:43.8727433Z   lfs: false
2025-10-12T08:41:43.8727707Z   submodules: false
2025-10-12T08:41:43.8728007Z   set-safe-directory: true
2025-10-12T08:41:43.8728586Z ##[endgroup]
2025-10-12T08:41:43.9790624Z Syncing repository: carcheky/janitorr
2025-10-12T08:41:43.9792152Z ##[group]Getting Git version info
2025-10-12T08:41:43.9792674Z Working directory is '/home/runner/work/janitorr/janitorr'
2025-10-12T08:41:43.9793475Z [command]/usr/bin/git version
2025-10-12T08:41:43.9885559Z git version 2.51.0
2025-10-12T08:41:43.9911789Z ##[endgroup]
2025-10-12T08:41:43.9924639Z Temporarily overriding HOME='/home/runner/work/_temp/52717673-f5c4-403c-a16b-36982db3accf' before making global git config changes
2025-10-12T08:41:43.9925856Z Adding repository directory to the temporary git global config as a safe directory
2025-10-12T08:41:43.9930167Z [command]/usr/bin/git config --global --add safe.directory /home/runner/work/janitorr/janitorr
2025-10-12T08:41:43.9963955Z Deleting the contents of '/home/runner/work/janitorr/janitorr'
2025-10-12T08:41:43.9967927Z ##[group]Initializing the repository
2025-10-12T08:41:43.9971604Z [command]/usr/bin/git init /home/runner/work/janitorr/janitorr
2025-10-12T08:41:44.0083550Z hint: Using 'master' as the name for the initial branch. This default branch name
2025-10-12T08:41:44.0084669Z hint: is subject to change. To configure the initial branch name to use in all
2025-10-12T08:41:44.0085563Z hint: of your new repositories, which will suppress this warning, call:
2025-10-12T08:41:44.0086371Z hint:
2025-10-12T08:41:44.0087281Z hint: 	git config --global init.defaultBranch <name>
2025-10-12T08:41:44.0087764Z hint:
2025-10-12T08:41:44.0088379Z hint: Names commonly chosen instead of 'master' are 'main', 'trunk' and
2025-10-12T08:41:44.0089629Z hint: 'development'. The just-created branch can be renamed via this command:
2025-10-12T08:41:44.0090227Z hint:
2025-10-12T08:41:44.0090606Z hint: 	git branch -m <name>
2025-10-12T08:41:44.0091142Z hint:
2025-10-12T08:41:44.0091662Z hint: Disable this message with "git config set advice.defaultBranchName false"
2025-10-12T08:41:44.0092400Z Initialized empty Git repository in /home/runner/work/janitorr/janitorr/.git/
2025-10-12T08:41:44.0100053Z [command]/usr/bin/git remote add origin https://github.com/carcheky/janitorr
2025-10-12T08:41:44.0139912Z ##[endgroup]
2025-10-12T08:41:44.0141038Z ##[group]Disabling automatic garbage collection
2025-10-12T08:41:44.0144716Z [command]/usr/bin/git config --local gc.auto 0
2025-10-12T08:41:44.0174370Z ##[endgroup]
2025-10-12T08:41:44.0175893Z ##[group]Setting up auth
2025-10-12T08:41:44.0181822Z [command]/usr/bin/git config --local --name-only --get-regexp core\.sshCommand
2025-10-12T08:41:44.0213674Z [command]/usr/bin/git submodule foreach --recursive sh -c "git config --local --name-only --get-regexp 'core\.sshCommand' && git config --local --unset-all 'core.sshCommand' || :"
2025-10-12T08:41:44.0538258Z [command]/usr/bin/git config --local --name-only --get-regexp http\.https\:\/\/github\.com\/\.extraheader
2025-10-12T08:41:44.0566385Z [command]/usr/bin/git submodule foreach --recursive sh -c "git config --local --name-only --get-regexp 'http\.https\:\/\/github\.com\/\.extraheader' && git config --local --unset-all 'http.https://github.com/.extraheader' || :"
2025-10-12T08:41:44.0793902Z [command]/usr/bin/git config --local http.https://github.com/.extraheader AUTHORIZATION: basic ***
2025-10-12T08:41:44.0828853Z ##[endgroup]
2025-10-12T08:41:44.0830169Z ##[group]Fetching the repository
2025-10-12T08:41:44.0837869Z [command]/usr/bin/git -c protocol.version=2 fetch --no-tags --prune --no-recurse-submodules --depth=1 origin +ce25bd216dfa64f052464538c318e118baa76b8d:refs/remotes/pull/94/merge
2025-10-12T08:41:44.5363648Z From https://github.com/carcheky/janitorr
2025-10-12T08:41:44.5364859Z  * [new ref]         ce25bd216dfa64f052464538c318e118baa76b8d -> pull/94/merge
2025-10-12T08:41:44.5402103Z ##[endgroup]
2025-10-12T08:41:44.5403420Z ##[group]Determining the checkout info
2025-10-12T08:41:44.5405674Z ##[endgroup]
2025-10-12T08:41:44.5409818Z [command]/usr/bin/git sparse-checkout disable
2025-10-12T08:41:44.5460337Z [command]/usr/bin/git config --local --unset-all extensions.worktreeConfig
2025-10-12T08:41:44.5489323Z ##[group]Checking out the ref
2025-10-12T08:41:44.5493731Z [command]/usr/bin/git checkout --progress --force refs/remotes/pull/94/merge
2025-10-12T08:41:44.5787184Z Note: switching to 'refs/remotes/pull/94/merge'.
2025-10-12T08:41:44.5788070Z 
2025-10-12T08:41:44.5788846Z You are in 'detached HEAD' state. You can look around, make experimental
2025-10-12T08:41:44.5790471Z changes and commit them, and you can discard any commits you make in this
2025-10-12T08:41:44.5792919Z state without impacting any branches by switching back to a branch.
2025-10-12T08:41:44.5795558Z 
2025-10-12T08:41:44.5796206Z If you want to create a new branch to retain commits you create, you may
2025-10-12T08:41:44.5797268Z do so (now or later) by using -c with the switch command. Example:
2025-10-12T08:41:44.5797999Z 
2025-10-12T08:41:44.5798299Z   git switch -c <new-branch-name>
2025-10-12T08:41:44.5798758Z 
2025-10-12T08:41:44.5799028Z Or undo this operation with:
2025-10-12T08:41:44.5799484Z 
2025-10-12T08:41:44.5799763Z   git switch -
2025-10-12T08:41:44.5800546Z 
2025-10-12T08:41:44.5801383Z Turn off this advice by setting config variable advice.detachedHead to false
2025-10-12T08:41:44.5802166Z 
2025-10-12T08:41:44.5802916Z HEAD is now at ce25bd2 Merge 23cbd22cbd51f09c5660e42e6528bb8c99f412c2 into c3af71e2befe1ed58eb5423f1d80ce2994067070
2025-10-12T08:41:44.5806458Z ##[endgroup]
2025-10-12T08:41:44.5837339Z [command]/usr/bin/git log -1 --format=%H
2025-10-12T08:41:44.5862585Z ce25bd216dfa64f052464538c318e118baa76b8d
2025-10-12T08:41:44.6059981Z ##[group]Run mkdir -p logs
2025-10-12T08:41:44.6060396Z mkdir -p logs
2025-10-12T08:41:44.6096969Z shell: /usr/bin/bash -e {0}
2025-10-12T08:41:44.6097625Z ##[endgroup]
2025-10-12T08:41:44.6367396Z ##[group]Run actions/setup-java@v5
2025-10-12T08:41:44.6367722Z with:
2025-10-12T08:41:44.6367942Z   java-version: 25
2025-10-12T08:41:44.6368170Z   distribution: temurin
2025-10-12T08:41:44.6368402Z   cache: gradle
2025-10-12T08:41:44.6368618Z   java-package: jdk
2025-10-12T08:41:44.6368847Z   check-latest: false
2025-10-12T08:41:44.6369069Z   server-id: github
2025-10-12T08:41:44.6369307Z   server-username: GITHUB_ACTOR
2025-10-12T08:41:44.6369583Z   server-password: GITHUB_TOKEN
2025-10-12T08:41:44.6369856Z   overwrite-settings: true
2025-10-12T08:41:44.6370101Z   job-status: success
2025-10-12T08:41:44.6370465Z   token: ***
2025-10-12T08:41:44.6370679Z ##[endgroup]
2025-10-12T08:41:44.7900535Z ##[group]Installed distributions
2025-10-12T08:41:44.8011053Z Resolved Java 25.0.0+36 from tool-cache
2025-10-12T08:41:44.8011616Z Setting Java 25.0.0+36 as the default
2025-10-12T08:41:44.8021682Z (node:2059) [DEP0040] DeprecationWarning: The `punycode` module is deprecated. Please use a userland alternative instead.
2025-10-12T08:41:44.8022409Z (Use `node --trace-deprecation ...` to show where the warning was created)
2025-10-12T08:41:44.8025709Z Creating toolchains.xml for JDK version 25 from temurin
2025-10-12T08:41:44.8100597Z Writing to /home/runner/.m2/toolchains.xml
2025-10-12T08:41:44.8101013Z 
2025-10-12T08:41:44.8101190Z Java configuration:
2025-10-12T08:41:44.8101598Z   Distribution: temurin
2025-10-12T08:41:44.8101995Z   Version: 25.0.0+36
2025-10-12T08:41:44.8102570Z   Path: /opt/hostedtoolcache/Java_Temurin-Hotspot_jdk/25.0.0-36/x64
2025-10-12T08:41:44.8103072Z 
2025-10-12T08:41:44.8103553Z ##[endgroup]
2025-10-12T08:41:44.8118321Z Creating settings.xml with server-id: github
2025-10-12T08:41:44.8118869Z Writing to /home/runner/.m2/settings.xml
2025-10-12T08:41:45.0107574Z Cache hit for: setup-java-Linux-x64-gradle-200dc9f9e6f01f074dcd43d4c3c0c31d7d837ae99d4c7ae5bfcb4c9496d9df95
2025-10-12T08:41:45.0213854Z (node:2059) [DEP0169] DeprecationWarning: `url.parse()` behavior is not standardized and prone to errors that have security implications. Use the WHATWG URL API instead. CVEs are not issued for `url.parse()` vulnerabilities.
2025-10-12T08:41:46.1960134Z Received 134217728 of 369190180 (36.4%), 120.9 MBs/sec
2025-10-12T08:41:47.1942998Z Received 331350016 of 369190180 (89.8%), 153.4 MBs/sec
2025-10-12T08:41:47.7298595Z Received 369190180 of 369190180 (100.0%), 135.6 MBs/sec
2025-10-12T08:41:47.7299569Z Cache Size: ~352 MB (369190180 B)
2025-10-12T08:41:47.7421998Z [command]/usr/bin/tar -xf /home/runner/work/_temp/84e74f2c-f834-4fb6-812f-e32b14ca9c23/cache.tzst -P -C /home/runner/work/janitorr/janitorr --use-compress-program unzstd
2025-10-12T08:41:48.9993723Z Cache restored successfully
2025-10-12T08:41:49.0736029Z Cache restored from key: setup-java-Linux-x64-gradle-200dc9f9e6f01f074dcd43d4c3c0c31d7d837ae99d4c7ae5bfcb4c9496d9df95
2025-10-12T08:41:49.1126826Z ##[group]Run gradle/actions/setup-gradle@v4
2025-10-12T08:41:49.1127143Z with:
2025-10-12T08:41:49.1127325Z   gradle-version: 9.1.0
2025-10-12T08:41:49.1127545Z   cache-disabled: false
2025-10-12T08:41:49.1127753Z   cache-read-only: true
2025-10-12T08:41:49.1127972Z   cache-write-only: false
2025-10-12T08:41:49.1128207Z   cache-overwrite-existing: false
2025-10-12T08:41:49.1128476Z   cache-cleanup: on-success
2025-10-12T08:41:49.1128764Z   gradle-home-cache-includes: caches
notifications
2025-10-12T08:41:49.1129071Z   add-job-summary: always
2025-10-12T08:41:49.1129311Z   add-job-summary-as-pr-comment: never
2025-10-12T08:41:49.1129593Z   dependency-graph: disabled
2025-10-12T08:41:49.1130078Z   dependency-graph-report-dir: dependency-graph-reports
2025-10-12T08:41:49.1130421Z   dependency-graph-continue-on-failure: true
2025-10-12T08:41:49.1130739Z   build-scan-publish: false
2025-10-12T08:41:49.1130967Z   validate-wrappers: true
2025-10-12T08:41:49.1131236Z   allow-snapshot-wrappers: false
2025-10-12T08:41:49.1131487Z   gradle-home-cache-strict-match: false
2025-10-12T08:41:49.1131754Z   workflow-job-context: null
2025-10-12T08:41:49.1132129Z   github-token: ***
2025-10-12T08:41:49.1132322Z env:
2025-10-12T08:41:49.1132596Z   JAVA_HOME: /opt/hostedtoolcache/Java_Temurin-Hotspot_jdk/25.0.0-36/x64
2025-10-12T08:41:49.1133156Z   JAVA_HOME_25_X64: /opt/hostedtoolcache/Java_Temurin-Hotspot_jdk/25.0.0-36/x64
2025-10-12T08:41:49.1133523Z ##[endgroup]
2025-10-12T08:41:49.6461001Z Gradle User Home already exists at /home/runner/.gradle
2025-10-12T08:41:49.6474297Z Gradle User Home already exists: will not restore from cache.
2025-10-12T08:41:49.6498656Z Merged default JDK locations into /home/runner/.m2/toolchains.xml
2025-10-12T08:41:49.6846459Z ##[group]All Gradle Wrapper jars are valid
2025-10-12T08:41:49.6848091Z ✓ Found known Gradle Wrapper JAR files:
2025-10-12T08:41:49.6848918Z   76805e32c009c0cf0dd5d206bddc9fb22ea42e84db904b764f3047de095493f3 gradle/wrapper/gradle-wrapper.jar
2025-10-12T08:41:49.6849952Z ##[endgroup]
2025-10-12T08:41:49.8460574Z ##[group]Provision Gradle 9.1.0
2025-10-12T08:41:51.5071631Z Gradle version 9.1.0 is already available on PATH. Not installing.
2025-10-12T08:41:51.5072666Z ##[endgroup]
2025-10-12T08:41:51.5173889Z ##[group]Run ./gradlew build -x bootBuildImage
2025-10-12T08:41:51.5174268Z ./gradlew build -x bootBuildImage
2025-10-12T08:41:51.5189949Z shell: /usr/bin/bash -e {0}
2025-10-12T08:41:51.5190174Z env:
2025-10-12T08:41:51.5190466Z   JAVA_HOME: /opt/hostedtoolcache/Java_Temurin-Hotspot_jdk/25.0.0-36/x64
2025-10-12T08:41:51.5190927Z   JAVA_HOME_25_X64: /opt/hostedtoolcache/Java_Temurin-Hotspot_jdk/25.0.0-36/x64
2025-10-12T08:41:51.5191338Z   GRADLE_ACTION_ID: gradle/actions/setup-gradle
2025-10-12T08:41:51.5191620Z   GRADLE_USER_HOME: /home/runner/.gradle
2025-10-12T08:41:51.5191903Z   GRADLE_BUILD_ACTION_SETUP_COMPLETED: true
2025-10-12T08:41:51.5192170Z   GRADLE_BUILD_ACTION_CACHE_RESTORED: true
2025-10-12T08:41:51.5192572Z   DEVELOCITY_INJECTION_INIT_SCRIPT_NAME: gradle-actions.inject-develocity.init.gradle
2025-10-12T08:41:51.5193010Z   DEVELOCITY_INJECTION_CUSTOM_VALUE: gradle-actions
2025-10-12T08:41:51.5193293Z   GITHUB_DEPENDENCY_GRAPH_ENABLED: false
2025-10-12T08:41:51.5193570Z   LC_ALL: en_US.UTF-8
2025-10-12T08:41:51.5193757Z ##[endgroup]
2025-10-12T08:41:52.2747030Z Starting a Gradle Daemon (subsequent builds will be faster)
2025-10-12T08:41:59.4755979Z 
2025-10-12T08:41:59.4777337Z > Configure project :buildSrc
2025-10-12T08:41:59.4778511Z WARNING: Unsupported Kotlin plugin version.
2025-10-12T08:41:59.4779876Z The `embedded-kotlin` and `kotlin-dsl` plugins rely on features of Kotlin `2.2.0` that might work differently than in the requested version `2.2.20`.
2025-10-12T08:41:59.6742657Z 
2025-10-12T08:41:59.6766676Z > Task :buildSrc:checkKotlinGradlePluginConfigurationErrors SKIPPED
2025-10-12T08:41:59.9743801Z > Task :buildSrc:compileKotlin FROM-CACHE
2025-10-12T08:41:59.9800835Z > Task :buildSrc:compileJava NO-SOURCE
2025-10-12T08:41:59.9801895Z > Task :buildSrc:compileGroovy NO-SOURCE
2025-10-12T08:41:59.9802594Z > Task :buildSrc:pluginDescriptors
2025-10-12T08:41:59.9803052Z > Task :buildSrc:processResources NO-SOURCE
2025-10-12T08:41:59.9803568Z > Task :buildSrc:classes UP-TO-DATE
2025-10-12T08:41:59.9803846Z 
2025-10-12T08:41:59.9803968Z > Task :buildSrc:jar
2025-10-12T08:41:59.9804450Z :jar: No valid plugin descriptors were found in META-INF/gradle-plugins
2025-10-12T08:42:12.8742586Z 
2025-10-12T08:42:12.8744327Z > Task :bootBuildInfo
2025-10-12T08:42:12.8746692Z > Task :checkKotlinGradlePluginConfigurationErrors SKIPPED
2025-10-12T08:42:13.5744683Z > Task :processResources
2025-10-12T08:42:13.8742423Z > Task :collectReachabilityMetadata
2025-10-12T08:42:13.8743061Z > Task :processTestResources
2025-10-12T08:42:34.8741362Z 
2025-10-12T08:42:34.8744316Z > Task :compileKotlin
2025-10-12T08:42:34.8746098Z w: file:///home/runner/work/janitorr/janitorr/src/main/kotlin/com/github/schaka/janitorr/rules/engine/ActionExecutor.kt:29:13 'when' is exhaustive so 'else' is redundant here.
2025-10-12T08:42:34.8748050Z w: file:///home/runner/work/janitorr/janitorr/src/main/kotlin/com/github/schaka/janitorr/rules/engine/ConditionEvaluator.kt:37:17 'when' is exhaustive so 'else' is redundant here.
2025-10-12T08:42:35.0743303Z 
2025-10-12T08:42:35.0744904Z > Task :compileJava NO-SOURCE
2025-10-12T08:42:35.0745796Z > Task :classes
2025-10-12T08:42:35.1747098Z > Task :resolveMainClassName
2025-10-12T08:42:37.1766877Z 08:42:35,986 |-ERROR in ch.qos.logback.core.rolling.RollingFileAppender[FILE] - Failed to create parent directories for [/logs/janitorr.log]
2025-10-12T08:42:37.1769143Z 08:42:35,988 |-ERROR in ch.qos.logback.core.rolling.RollingFileAppender[FILE] - openFile(/logs/janitorr.log,true) call failed. java.io.FileNotFoundException: /logs/janitorr.log (No such file or directory)
2025-10-12T08:42:37.1771133Z 	at java.io.FileNotFoundException: /logs/janitorr.log (No such file or directory)
2025-10-12T08:42:37.1772243Z 	at 	at java.base/java.io.FileOutputStream.open0(Native Method)
2025-10-12T08:42:37.1778773Z 	at 	at java.base/java.io.FileOutputStream.open(FileOutputStream.java:255)
2025-10-12T08:42:37.1780680Z 	at 	at java.base/java.io.FileOutputStream.<init>(FileOutputStream.java:210)
2025-10-12T08:42:37.1782020Z 	at 	at ch.qos.logback.core.recovery.ResilientFileOutputStream.<init>(ResilientFileOutputStream.java:26)
2025-10-12T08:42:37.1782884Z 
2025-10-12T08:42:37.1783097Z > Task :processAot
2025-10-12T08:42:37.1786207Z 	at 	at ch.qos.logback.core.FileAppender.openFile(FileAppender.java:206)
2025-10-12T08:42:37.1787393Z 	at 	at ch.qos.logback.core.FileAppender.start(FileAppender.java:126)
2025-10-12T08:42:37.1789194Z 	at 	at ch.qos.logback.core.rolling.RollingFileAppender.start(RollingFileAppender.java:104)
2025-10-12T08:42:37.1790820Z 	at 	at org.springframework.boot.logging.logback.LogbackConfigurator.start(LogbackConfigurator.java:111)
2025-10-12T08:42:37.1792494Z 	at 	at org.springframework.boot.logging.logback.LogbackConfigurator.appender(LogbackConfigurator.java:74)
2025-10-12T08:42:37.1794607Z 	at 	at org.springframework.boot.logging.logback.DefaultLogbackConfiguration.fileAppender(DefaultLogbackConfiguration.java:147)
2025-10-12T08:42:37.1799242Z 	at 	at org.springframework.boot.logging.logback.DefaultLogbackConfiguration.apply(DefaultLogbackConfiguration.java:88)
2025-10-12T08:42:37.1800889Z 	at 	at org.springframework.boot.logging.logback.LogbackLoggingSystem.lambda$loadDefaults$1(LogbackLoggingSystem.java:241)
2025-10-12T08:42:37.1802542Z 	at 	at org.springframework.boot.logging.logback.LogbackLoggingSystem.withLoggingSuppressed(LogbackLoggingSystem.java:481)
2025-10-12T08:42:37.1804156Z 	at 	at org.springframework.boot.logging.logback.LogbackLoggingSystem.loadDefaults(LogbackLoggingSystem.java:230)
2025-10-12T08:42:37.1805946Z 	at 	at org.springframework.boot.logging.AbstractLoggingSystem.initializeWithConventions(AbstractLoggingSystem.java:84)
2025-10-12T08:42:37.1807441Z 	at 	at org.springframework.boot.logging.AbstractLoggingSystem.initialize(AbstractLoggingSystem.java:61)
2025-10-12T08:42:37.1808874Z 	at 	at org.springframework.boot.logging.logback.LogbackLoggingSystem.initialize(LogbackLoggingSystem.java:195)
2025-10-12T08:42:37.1810518Z 	at 	at org.springframework.boot.context.logging.LoggingApplicationListener.initializeSystem(LoggingApplicationListener.java:332)
2025-10-12T08:42:37.1812230Z 	at 	at org.springframework.boot.context.logging.LoggingApplicationListener.initialize(LoggingApplicationListener.java:298)
2025-10-12T08:42:37.1814276Z 	at 	at org.springframework.boot.context.logging.LoggingApplicationListener.onApplicationEnvironmentPreparedEvent(LoggingApplicationListener.java:246)
2025-10-12T08:42:37.1816830Z 	at 	at org.springframework.boot.context.logging.LoggingApplicationListener.onApplicationEvent(LoggingApplicationListener.java:223)
2025-10-12T08:42:37.1818795Z 	at 	at org.springframework.context.event.SimpleApplicationEventMulticaster.doInvokeListener(SimpleApplicationEventMulticaster.java:185)
2025-10-12T08:42:37.1820813Z 	at 	at org.springframework.context.event.SimpleApplicationEventMulticaster.invokeListener(SimpleApplicationEventMulticaster.java:178)
2025-10-12T08:42:37.1822838Z 	at 	at org.springframework.context.event.SimpleApplicationEventMulticaster.multicastEvent(SimpleApplicationEventMulticaster.java:156)
2025-10-12T08:42:37.1824831Z 	at 	at org.springframework.context.event.SimpleApplicationEventMulticaster.multicastEvent(SimpleApplicationEventMulticaster.java:138)
2025-10-12T08:42:37.1827013Z 	at 	at org.springframework.boot.context.event.EventPublishingRunListener.multicastInitialEvent(EventPublishingRunListener.java:136)
2025-10-12T08:42:37.1837801Z 	at 	at org.springframework.boot.context.event.EventPublishingRunListener.environmentPrepared(EventPublishingRunListener.java:81)
2025-10-12T08:42:37.1838784Z 
2025-10-12T08:42:37.1839877Z 	at 	at org.springframework.boot.SpringApplicationRunListeners.lambda$environmentPrepared$2(SpringApplicationRunListeners.java:64)
2025-10-12T08:42:37.1841530Z 	at 	at java.base/java.util.ImmutableCollections$List12.forEach(ImmutableCollections.java:681)
2025-10-12T08:42:37.1842986Z 	at 	at org.springframework.boot.SpringApplicationRunListeners.doWithListeners(SpringApplicationRunListeners.java:118)
2025-10-12T08:42:37.1845030Z 	at 	at org.springframework.boot.SpringApplicationRunListeners.doWithListeners(SpringApplicationRunListeners.java:112)
2025-10-12T08:42:37.1846994Z 	at 	at org.springframework.boot.SpringApplicationRunListeners.environmentPrepared(SpringApplicationRunListeners.java:63)
2025-10-12T08:42:37.1848682Z 	at 	at org.springframework.boot.SpringApplication.prepareEnvironment(SpringApplication.java:353)
2025-10-12T08:42:37.1850017Z 	at 	at org.springframework.boot.SpringApplication.run(SpringApplication.java:313)
2025-10-12T08:42:37.1851228Z 	at 	at org.springframework.boot.SpringApplication.run(SpringApplication.java:1361)
2025-10-12T08:42:37.1852433Z 	at 	at org.springframework.boot.SpringApplication.run(SpringApplication.java:1350)
2025-10-12T08:42:37.1853655Z 	at 	at com.github.schaka.janitorr.JanitorrApplicationKt.main(JanitorrApplication.kt:67)
2025-10-12T08:42:37.1854992Z 	at 	at java.base/jdk.internal.reflect.DirectMethodHandleAccessor.invoke(DirectMethodHandleAccessor.java:104)
2025-10-12T08:42:37.1856296Z 	at 	at java.base/java.lang.reflect.Method.invoke(Method.java:565)
2025-10-12T08:42:37.1857236Z 	at 	at org.springframework.util.ReflectionUtils.invokeMethod(ReflectionUtils.java:281)
2025-10-12T08:42:37.1858728Z 	at 	at org.springframework.boot.SpringApplicationAotProcessor.lambda$prepareApplicationContext$0(SpringApplicationAotProcessor.java:62)
2025-10-12T08:42:37.1860251Z 	at 	at org.springframework.util.function.ThrowingSupplier.get(ThrowingSupplier.java:58)
2025-10-12T08:42:37.1861386Z 	at 	at org.springframework.util.function.ThrowingSupplier.get(ThrowingSupplier.java:46)
2025-10-12T08:42:37.1862496Z 	at 	at org.springframework.boot.SpringApplication.withHook(SpringApplication.java:1461)
2025-10-12T08:42:37.1863911Z 	at 	at org.springframework.boot.SpringApplicationAotProcessor$AotProcessorHook.run(SpringApplicationAotProcessor.java:109)
2025-10-12T08:42:37.1865909Z 	at 	at org.springframework.boot.SpringApplicationAotProcessor.prepareApplicationContext(SpringApplicationAotProcessor.java:60)
2025-10-12T08:42:37.1867425Z 	at 	at org.springframework.context.aot.ContextAotProcessor.doProcess(ContextAotProcessor.java:83)
2025-10-12T08:42:37.1868649Z 	at 	at org.springframework.context.aot.ContextAotProcessor.doProcess(ContextAotProcessor.java:49)
2025-10-12T08:42:37.1869884Z 	at 	at org.springframework.context.aot.AbstractAotProcessor.process(AbstractAotProcessor.java:83)
2025-10-12T08:42:37.1871194Z 	at 	at org.springframework.boot.SpringApplicationAotProcessor.main(SpringApplicationAotProcessor.java:80)
2025-10-12T08:42:37.1872873Z 08:42:36,085 |-WARN in ch.qos.logback.core.rolling.RollingFileAppender[FILE] - Attempted to append to non started appender [FILE].
2025-10-12T08:42:37.1874276Z 08:42:36,089 |-WARN in ch.qos.logback.core.rolling.RollingFileAppender[FILE] - Attempted to append to non started appender [FILE].
2025-10-12T08:42:37.1947070Z   .   ____          _            __ _ _
2025-10-12T08:42:37.1947516Z  /\\ / ___'_ __ _ _(_)_ __  __ _ \ \ \ \
2025-10-12T08:42:37.1947926Z ( ( )\___ | '_ | '_| | '_ \/ _` | \ \ \ \
2025-10-12T08:42:37.1948309Z  \\/  ___)| |_)| | | | | || (_| |  ) ) ) )
2025-10-12T08:42:37.1948701Z   '  |____| .__|_| |_|_| |_\__, | / / / /
2025-10-12T08:42:37.1949090Z  =========|_|==============|___/=/_/_/_/
2025-10-12T08:42:37.1949353Z 
2025-10-12T08:42:37.1949614Z  :: Spring Boot ::                (v3.5.6)
2025-10-12T08:42:37.1949904Z 
2025-10-12T08:42:37.1951354Z 2025-10-12T08:42:36.084Z  INFO 2462 --- [           main] c.g.s.janitorr.JanitorrApplicationKt     : Starting JanitorrApplicationKt using Java 25 with PID 2462 (/home/runner/work/janitorr/janitorr/build/classes/kotlin/main started by runner in /home/runner/work/janitorr/janitorr)
2025-10-12T08:42:37.1953732Z 2025-10-12T08:42:36.088Z  INFO 2462 --- [           main] c.g.s.janitorr.JanitorrApplicationKt     : No active profile set, falling back to 1 default profile: "default"
2025-10-12T08:42:39.8744054Z 
2025-10-12T08:42:39.8744604Z > Task :compileAotKotlin NO-SOURCE
2025-10-12T08:42:44.8742050Z > Task :compileAotJava
2025-10-12T08:42:44.8747753Z > Task :processAotResources
2025-10-12T08:42:44.8756363Z > Task :aotClasses
2025-10-12T08:42:45.4742249Z > Task :bootJar
2025-10-12T08:42:45.5757678Z > Task :jar
2025-10-12T08:42:45.5758053Z > Task :assemble
2025-10-12T08:42:50.6768501Z 
2025-10-12T08:42:50.6769316Z > Task :compileTestKotlin
2025-10-12T08:42:50.6771026Z w: file:///home/runner/work/janitorr/janitorr/src/test/kotlin/com/github/schaka/janitorr/rules/engine/ConditionEvaluatorTest.kt:132:20 Check for instance is always 'true'.
2025-10-12T08:42:50.7742771Z 
2025-10-12T08:42:50.7743670Z > Task :compileTestJava NO-SOURCE
2025-10-12T08:42:50.7744506Z > Task :testClasses
2025-10-12T08:42:52.9741135Z 
2025-10-12T08:42:52.9746739Z > Task :processTestAot
2025-10-12T08:42:52.9751316Z 
2025-10-12T08:42:52.9756144Z   .   ____          _            __ _ _
2025-10-12T08:42:52.9761062Z  /\\ / ___'_ __ _ _(_)_ __  __ _ \ \ \ \
2025-10-12T08:42:52.9765894Z ( ( )\___ | '_ | '_| | '_ \/ _` | \ \ \ \
2025-10-12T08:42:52.9770503Z  \\/  ___)| |_)| | | | | || (_| |  ) ) ) )
2025-10-12T08:42:52.9773808Z   '  |____| .__|_| |_|_| |_\__, | / / / /
2025-10-12T08:42:52.9774270Z  =========|_|==============|___/=/_/_/_/
2025-10-12T08:42:52.9774564Z 
2025-10-12T08:42:52.9774815Z  :: Spring Boot ::                (v3.5.6)
2025-10-12T08:42:52.9775123Z 
2025-10-12T08:42:52.9776619Z 08:42:52 [main] INFO  c.g.s.j.api.RootControllerTest - Starting RootControllerTest using Java 25 with PID 2513 (/home/runner/work/janitorr/janitorr/build/classes/kotlin/test started by runner in /home/runner/work/janitorr/janitorr)
2025-10-12T08:42:52.9778707Z 08:42:52 [main] INFO  c.g.s.j.api.RootControllerTest - The following 1 profile is active: "test"
2025-10-12T08:42:54.7776192Z 
2025-10-12T08:42:54.7778326Z   .   ____          _            __ _ _
2025-10-12T08:42:54.7778812Z  /\\ / ___'_ __ _ _(_)_ __  __ _ \ \ \ \
2025-10-12T08:42:54.7779193Z ( ( )\___ | '_ | '_| | '_ \/ _` | \ \ \ \
2025-10-12T08:42:54.7779541Z  \\/  ___)| |_)| | | | | || (_| |  ) ) ) )
2025-10-12T08:42:54.7779935Z   '  |____| .__|_| |_|_| |_\__, | / / / /
2025-10-12T08:42:54.7780297Z  =========|_|==============|___/=/_/_/_/
2025-10-12T08:42:54.7780569Z 
2025-10-12T08:42:54.7780809Z  :: Spring Boot ::                (v3.5.6)
2025-10-12T08:42:54.7781092Z 
2025-10-12T08:42:54.7782337Z 08:42:54 [main] INFO  c.g.s.j.m.StreamystatsLocalTest - Starting StreamystatsLocalTest using Java 25 with PID 2513 (/home/runner/work/janitorr/janitorr/build/classes/kotlin/test started by runner in /home/runner/work/janitorr/janitorr)
2025-10-12T08:42:54.7784516Z 08:42:54 [main] INFO  c.g.s.j.m.StreamystatsLocalTest - The following 1 profile is active: "test"
2025-10-12T08:42:56.6742530Z 
2025-10-12T08:42:56.6743427Z   .   ____          _            __ _ _
2025-10-12T08:42:56.6744313Z  /\\ / ___'_ __ _ _(_)_ __  __ _ \ \ \ \
2025-10-12T08:42:56.6745004Z ( ( )\___ | '_ | '_| | '_ \/ _` | \ \ \ \
2025-10-12T08:42:56.6745673Z  \\/  ___)| |_)| | | | | || (_| |  ) ) ) )
2025-10-12T08:42:56.6746148Z   '  |____| .__|_| |_|_| |_\__, | / / / /
2025-10-12T08:42:56.6746565Z  =========|_|==============|___/=/_/_/_/
2025-10-12T08:42:56.6746885Z 
2025-10-12T08:42:56.6747123Z  :: Spring Boot ::                (v3.5.6)
2025-10-12T08:42:56.6747417Z 
2025-10-12T08:42:56.6749429Z 08:42:56 [main] INFO  c.g.s.j.m.c.MultiTenancyConditionalLoadingTest$WhenMultitenancyDisabled - Starting MultiTenancyConditionalLoadingTest.WhenMultitenancyDisabled using Java 25 with PID 2513 (/home/runner/work/janitorr/janitorr/build/classes/kotlin/test started by runner in /home/runner/work/janitorr/janitorr)
2025-10-12T08:42:56.6752509Z 08:42:56 [main] INFO  c.g.s.j.m.c.MultiTenancyConditionalLoadingTest$WhenMultitenancyDisabled - No active profile set, falling back to 1 default profile: "default"
2025-10-12T08:42:57.1745327Z 
2025-10-12T08:42:57.1745791Z   .   ____          _            __ _ _
2025-10-12T08:42:57.1746278Z  /\\ / ___'_ __ _ _(_)_ __  __ _ \ \ \ \
2025-10-12T08:42:57.1746710Z ( ( )\___ | '_ | '_| | '_ \/ _` | \ \ \ \
2025-10-12T08:42:57.1747465Z  \\/  ___)| |_)| | | | | || (_| |  ) ) ) )
2025-10-12T08:42:57.1747905Z   '  |____| .__|_| |_|_| |_\__, | / / / /
2025-10-12T08:42:57.1748295Z  =========|_|==============|___/=/_/_/_/
2025-10-12T08:42:57.1748554Z 
2025-10-12T08:42:57.1748796Z  :: Spring Boot ::                (v3.5.6)
2025-10-12T08:42:57.1749095Z 
2025-10-12T08:42:57.1750923Z 08:42:57 [main] INFO  c.g.s.j.m.c.MultiTenancyConditionalLoadingTest$WhenMultitenancyEnabled - Starting MultiTenancyConditionalLoadingTest.WhenMultitenancyEnabled using Java 25 with PID 2513 (/home/runner/work/janitorr/janitorr/build/classes/kotlin/test started by runner in /home/runner/work/janitorr/janitorr)
2025-10-12T08:42:57.1753756Z 08:42:57 [main] INFO  c.g.s.j.m.c.MultiTenancyConditionalLoadingTest$WhenMultitenancyEnabled - No active profile set, falling back to 1 default profile: "default"
2025-10-12T08:42:58.1740611Z 
2025-10-12T08:42:58.1741399Z > Task :compileAotTestKotlin NO-SOURCE
2025-10-12T08:43:05.2756307Z > Task :compileAotTestJava
2025-10-12T08:43:05.2757038Z > Task :processAotTestResources
2025-10-12T08:43:05.2757535Z > Task :aotTestClasses
2025-10-12T08:43:08.9741700Z 
2025-10-12T08:43:08.9746523Z > Task :test
2025-10-12T08:43:08.9750871Z 
2025-10-12T08:43:08.9751335Z RootControllerTest > root path should forward to index html() FAILED
2025-10-12T08:43:08.9752097Z     java.lang.AssertionError at RootControllerTest.kt:23
2025-10-12T08:43:09.3740751Z 
2025-10-12T08:43:09.3743465Z OpenJDK 64-Bit Server VM warning: Sharing is only supported for boot loader classes because bootstrap classpath has been appended
2025-10-12T08:43:12.5746164Z WARNING: A terminally deprecated method in sun.misc.Unsafe has been called
2025-10-12T08:43:12.5748195Z WARNING: sun.misc.Unsafe::allocateMemory has been called by io.netty.util.internal.PlatformDependent0$2 (file:/home/runner/.gradle/caches/modules-2/files-2.1/io.netty/netty-common/4.1.127.Final/ada4ab671678f956e1cd5067ba94bc340af1d8bf/netty-common-4.1.127.Final.jar)
2025-10-12T08:43:12.5750474Z WARNING: Please consider reporting this to the maintainers of class io.netty.util.internal.PlatformDependent0$2
2025-10-12T08:43:12.5751643Z WARNING: sun.misc.Unsafe::allocateMemory will be removed in a future release
2025-10-12T08:43:16.3741105Z 
2025-10-12T08:43:16.3745635Z > Task :test
2025-10-12T08:43:16.3749018Z 
2025-10-12T08:43:16.3749650Z MultiTenancyConditionalLoadingTest$WhenMultitenancyEnabled > TenantService bean should exist() FAILED
2025-10-12T08:43:16.3750825Z     org.junit.jupiter.api.extension.ParameterResolutionException at Optional.java:364
2025-10-12T08:43:16.3752133Z         Caused by: java.lang.IllegalStateException at DefaultCacheAwareContextLoaderDelegate.java:180
2025-10-12T08:43:16.3752858Z             Caused by: org.springframework.beans.factory.UnsatisfiedDependencyException at ConstructorResolver.java:804
2025-10-12T08:43:16.3773369Z                 Caused by: org.springframework.beans.factory.UnsatisfiedDependencyException at ConstructorResolver.java:804
2025-10-12T08:43:16.3774252Z                     Caused by: org.springframework.beans.factory.UnsatisfiedDependencyException at ConstructorResolver.java:804
2025-10-12T08:43:16.3775344Z                         Caused by: org.springframework.beans.factory.UnsatisfiedDependencyException at ConstructorResolver.java:804
2025-10-12T08:43:16.3776238Z                             Caused by: org.springframework.beans.factory.UnsatisfiedDependencyException at ConstructorResolver.java:804
2025-10-12T08:43:16.3777059Z                                 Caused by: org.springframework.beans.factory.BeanCurrentlyInCreationException at DefaultSingletonBeanRegistry.java:544
2025-10-12T08:43:16.3777535Z 
2025-10-12T08:43:16.3777842Z MultiTenancyConditionalLoadingTest$WhenMultitenancyEnabled > UserService bean should exist() FAILED
2025-10-12T08:43:16.3778489Z     org.junit.jupiter.api.extension.ParameterResolutionException at Optional.java:364
2025-10-12T08:43:16.3779108Z         Caused by: java.lang.IllegalStateException at DefaultCacheAwareContextLoaderDelegate.java:145
2025-10-12T08:43:16.3779719Z 
2025-10-12T08:43:16.3780067Z MultiTenancyConditionalLoadingTest$WhenMultitenancyEnabled > BasicAuthInterceptor bean should exist() FAILED
2025-10-12T08:43:16.3780732Z     org.junit.jupiter.api.extension.ParameterResolutionException at Optional.java:364
2025-10-12T08:43:16.3781334Z         Caused by: java.lang.IllegalStateException at DefaultCacheAwareContextLoaderDelegate.java:145
2025-10-12T08:43:17.2741027Z 
2025-10-12T08:43:17.2741955Z 161 tests completed, 4 failed, 1 skipped
2025-10-12T08:43:17.3785966Z 
2025-10-12T08:43:17.3786668Z > Task :test FAILED
2025-10-12T08:43:17.4740550Z 
2025-10-12T08:43:17.4741203Z gradle/actions: Writing build results to /home/runner/work/_temp/.gradle-actions/build-results/__run_2-1760258515574.json
2025-10-12T08:43:17.4746532Z FAILURE: Build failed with an exception.
2025-10-12T08:43:17.4747050Z 19 actionable tasks: 18 executed, 1 from cache
2025-10-12T08:43:17.4747387Z 
2025-10-12T08:43:17.4747510Z * What went wrong:
2025-10-12T08:43:17.4747885Z Execution failed for task ':test'.
2025-10-12T08:43:17.4748790Z > There were failing tests. See the report at: file:///home/runner/work/janitorr/janitorr/build/reports/tests/test/index.html
2025-10-12T08:43:17.4749557Z 
2025-10-12T08:43:17.4749675Z * Try:
2025-10-12T08:43:17.4750108Z > Run with --scan to generate a Build Scan (Powered by Develocity).
2025-10-12T08:43:17.4750546Z 
2025-10-12T08:43:17.4750674Z BUILD FAILED in 1m 25s
2025-10-12T08:43:17.8325079Z ##[error]Process completed with exit code 1.
2025-10-12T08:43:17.8430261Z Post job cleanup.
2025-10-12T08:43:18.1573154Z In post-action step
2025-10-12T08:43:18.1582159Z Cache will not be saved: not restored in main action step.
2025-10-12T08:43:18.1587460Z Generating Job Summary
2025-10-12T08:43:18.1611320Z Completed post-action step
2025-10-12T08:43:18.1741680Z Post job cleanup.
2025-10-12T08:43:18.2959384Z (node:2651) [DEP0040] DeprecationWarning: The `punycode` module is deprecated. Please use a userland alternative instead.
2025-10-12T08:43:18.2960057Z (Use `node --trace-deprecation ...` to show where the warning was created)
2025-10-12T08:43:18.3094375Z Post job cleanup.
2025-10-12T08:43:18.4036079Z [command]/usr/bin/git version
2025-10-12T08:43:18.4083916Z git version 2.51.0
2025-10-12T08:43:18.4129507Z Temporarily overriding HOME='/home/runner/work/_temp/8275cdd7-747d-4a1c-8db4-af06e816d61a' before making global git config changes
2025-10-12T08:43:18.4130802Z Adding repository directory to the temporary git global config as a safe directory
2025-10-12T08:43:18.4135766Z [command]/usr/bin/git config --global --add safe.directory /home/runner/work/janitorr/janitorr
2025-10-12T08:43:18.4169802Z [command]/usr/bin/git config --local --name-only --get-regexp core\.sshCommand
2025-10-12T08:43:18.4202469Z [command]/usr/bin/git submodule foreach --recursive sh -c "git config --local --name-only --get-regexp 'core\.sshCommand' && git config --local --unset-all 'core.sshCommand' || :"
2025-10-12T08:43:18.4427843Z [command]/usr/bin/git config --local --name-only --get-regexp http\.https\:\/\/github\.com\/\.extraheader
2025-10-12T08:43:18.4450520Z http.https://github.com/.extraheader
2025-10-12T08:43:18.4463575Z [command]/usr/bin/git config --local --unset-all http.https://github.com/.extraheader
2025-10-12T08:43:18.4494173Z [command]/usr/bin/git submodule foreach --recursive sh -c "git config --local --name-only --get-regexp 'http\.https\:\/\/github\.com\/\.extraheader' && git config --local --unset-all 'http.https://github.com/.extraheader' || :"
2025-10-12T08:43:18.4813318Z Cleaning up orphan processes
2025-10-12T08:43:18.5094758Z Terminate orphan process: pid (2198) (java)
2025-10-12T08:43:18.5130912Z Terminate orphan process: pid (2416) (java)